Trying model: gemini-1.5-flash
FAILED: gemini-1.5-flash
Error Message: [GoogleGenerativeAI Error]: Error fetching from https://generativelanguage.googleapis.com/v1beta/models/gemini-1.5-flash:generateContent: [404 Not Found] models/gemini-1.5-flash is not found for API version v1beta, or is not supported for generateContent. Call ListModels to see the list of available models and their supported methods.
Trying model: gemini-1.5-pro
FAILED: gemini-1.5-pro
Error Message: [GoogleGenerativeAI Error]: Error fetching from https://generativelanguage.googleapis.com/v1beta/models/gemini-1.5-pro:generateContent: [404 Not Found] models/gemini-1.5-pro is not found for API version v1beta, or is not supported for generateContent. Call ListModels to see the list of available models and their supported methods.
Trying model: gemini-pro
FAILED: gemini-pro
Error Message: [GoogleGenerativeAI Error]: Error fetching from https://generativelanguage.googleapis.com/v1beta/models/gemini-pro:generateContent: [404 Not Found] models/gemini-pro is not found for API version v1beta, or is not supported for generateContent. Call ListModels to see the list of available models and their supported methods.
Trying model: gemini-1.0-pro
FAILED: gemini-1.0-pro
Error Message: [GoogleGenerativeAI Error]: Error fetching from https://generativelanguage.googleapis.com/v1beta/models/gemini-1.0-pro:generateContent: [404 Not Found] models/gemini-1.0-pro is not found for API version v1beta, or is not supported for generateContent. Call ListModels to see the list of available models and their supported methods.
Trying model: gemini-pro-vision
FAILED: gemini-pro-vision
Error Message: [GoogleGenerativeAI Error]: Error fetching from https://generativelanguage.googleapis.com/v1beta/models/gemini-pro-vision:generateContent: [404 Not Found] models/gemini-pro-vision is not found for API version v1beta, or is not supported for generateContent. Call ListModels to see the list of available models and their supported methods.
All models failed.
